// Jest Snapshot v1, https://goo.gl/fbAQLP

exports[`Header renders Header component without crashing 1`] = `
<nav
  className="navbar navbar-expand-sm navbar-dark bg-dark"
>
  <div
    className="navbar-nav"
  >
    <Link
      className="nav-item nav-link"
      to="/"
    >
      Attendies list
    </Link>
    <Link
      className="nav-item nav-link"
      to="/add"
    >
      Add attendee
    </Link>
  </div>
</nav>
`;
