// Jest Snapshot v1, https://goo.gl/fbAQLP

exports[`Header renders InputFormField component without crashing 1`] = `
<div
  className="form-group"
>
  <label
    htmlFor="name"
  >
    Name
  </label>
  <input
    className="form-control"
    id="name"
    name="name"
    onChange={[Function]}
    type="text"
    value=""
  />
</div>
`;
